// Jest Snapshot v1, https://goo.gl/fbAQLP

exports[`<Empty /> should render correctly 1`] = `
.c4 {
  background: #F80032;
  color: #FAFAFA;
  border: 0;
  cursor: pointer;
  padding: 0.8rem;
  -webkit-text-decoration: none;
  text-decoration: none;
  font-family: GoogleSans Medium,-apple-system,BlinkMacSystemFont,'Segoe UI',Roboto,Oxygen,Ubuntu,Cantarell,'Open Sans','Helvetica Neue',sans-serif;
  display: -webkit-inline-box;
  display: -webkit-inline-flex;
  display: -ms-inline-flexbox;
  display: inline-flex;
  -webkit-align-items: center;
  -webkit-box-align: center;
  -ms-flex-align: center;
  align-items: center;
  -webkit-box-pack: center;
  -webkit-justify-content: center;
  -ms-flex-pack: center;
  justify-content: center;
  height: 4rem;
  font-size: 1.8rem;
  padding: 0.8rem 3rem;
}

.c4:hover {
  background: #c50028;
}

.c4:after {
  content: '';
  width: 100%;
  height: 3px;
  position: absolute;
  top: 3rem;
  display: block;
}

.c0 {
  display: -webkit-box;
  display: -webkit-flex;
  display: -ms-flexbox;
  display: flex;
  -webkit-flex-direction: column;
  -ms-flex-direction: column;
  flex-direction: column;
  -webkit-align-items: center;
  -webkit-box-align: center;
  -ms-flex-align: center;
  align-items: center;
  text-align: center;
}

.c2 {
  color: #F80032;
  font-size: 6.4rem;
  font-family: GoogleSans Medium,-apple-system,BlinkMacSystemFont,'Segoe UI',Roboto,Oxygen,Ubuntu,Cantarell,'Open Sans','Helvetica Neue',sans-serif;
}

.c3 {
  color: #FAFAFA;
  font-size: 2.4rem;
  font-family: GoogleSans Medium,-apple-system,BlinkMacSystemFont,'Segoe UI',Roboto,Oxygen,Ubuntu,Cantarell,'Open Sans','Helvetica Neue',sans-serif;
  margin-bottom: 3rem;
}

.c1 {
  color: #545454;
  font-size: 9rem;
  font-family: Montserrat Bold,-apple-system,BlinkMacSystemFont,'Segoe UI',Roboto,Oxygen,Ubuntu,Cantarell,'Open Sans','Helvetica Neue',sans-serif;
}

<body>
  <div>
    <main
      class="c0"
    >
      <h3
        class="c1"
      >
        404
      </h3>
      <h2
        class="c2"
      >
        A simple title
      </h2>
      <p
        class="c3"
      >
        A simple description
      </p>
      <a
        class="c4"
        href="/"
      >
        <span>
          Voltar a PÃ¡gina Inicial
        </span>
      </a>
    </main>
  </div>
</body>
`
